#-----------------------------------------------------------
# Vivado v2023.1 (64-bit)
# SW Build 3865809 on Sun May  7 15:04:56 MDT 2023
# IP Build 3864474 on Sun May  7 20:36:21 MDT 2023
# SharedData Build 3865790 on Sun May 07 13:33:03 MDT 2023
# Start of session at: Thu Apr 10 19:10:46 2025
# Process ID: 9525
# Current directory: /home/dell/Desktop/projects/CipherX
# Command line: vivado
# Log file: /home/dell/Desktop/projects/CipherX/vivado.log
# Journal file: /home/dell/Desktop/projects/CipherX/vivado.jou
# Running On: dell-Inspiron-5415, OS: Linux, CPU Frequency: 1481.731 MHz, CPU Physical cores: 12, Host memory: 7635 MB
#-----------------------------------------------------------
start_gui
open_project /home/dell/Desktop/projects/CipherX/AES/AES.xpr
update_compile_order -fileset sources_1
launch_simulation
open_wave_config /home/dell/Desktop/projects/CipherX/AES/AES_tb_behav.wcfg
source AES_tb.tcl
close_sim
launch_simulation
open_wave_config /home/dell/Desktop/projects/CipherX/AES/AES_tb_behav.wcfg
source AES_tb.tcl
close_sim
